Usage: execute [<options>] <filename>

Error: No file was found